
> crossword-next@0.1.0 build
> next build

Γû▓ Next.js 16.1.6 (Turbopack)
- Environments: .env.local

node.exe : ΓÜá The "middleware" file 
convention is deprecated. Please use 
"proxy" instead. Learn more: https://nextjs.
org/docs/messages/middleware-to-proxy
At line:1 char:1
+ & "C:\Program Files\nodejs/node.exe" 
"C:\Program Files\nodejs/node_mo ...
+ ~~~~~~~~~~~~~~~~~~~~~~~~~~~~~~~~~~~~~~~~~~
~~~~~~~~~~~~~~~~~~~~~~~~~~~
    + CategoryInfo          : NotSpecified: 
    (ΓÜá The 
"middle...leware-to-proxy:Strin    g) [], 
RemoteException
    + FullyQualifiedErrorId : 
NativeCommandE    rror
 
  Creating an optimized production build ...

> Build error occurred
Error: Turbopack build failed with 4 errors:
./app
Module not found: Can't resolve 
'./assets/css/responsive.css'
server relative imports are not implemented 
yet. Please try an import relative to the 
file you are importing from.


https://nextjs.org/docs/messages/module-not-
found


./app
Module not found: Can't resolve 
'./assets/css/style.css'
server relative imports are not implemented 
yet. Please try an import relative to the 
file you are importing from.


https://nextjs.org/docs/messages/module-not-
found


./app/globals.css:2:2
Module not found: Can't resolve 
'/assets/css/responsive.css'
[0m [90m 1 |[39m 
[33m@[39m[36mimport[39m url([32m'/asset
s/css/style.css'[39m)[33m;[39m
[31m[1m>[22m[39m[90m 2 |[39m 
[33m@[39m[36mimport[39m url([32m'/asset
s/css/responsive.css'[39m)[33m;[39m
 [90m   |[39m  [31m[1m^[22m[39m
 [90m 3 |[39m
 [90m 4 |[39m [90m/* Next.js overriding 
basic resets so the original CSS still 
applies properly */[39m
 [90m 5 |[39m body {[0m



Import trace:
  Client Component Browser:
    ./app/globals.css [Client Component 
Browser]
    ./app/layout.tsx [Server Component]

https://nextjs.org/docs/messages/module-not-
found


./app/globals.css:1:2
Module not found: Can't resolve 
'/assets/css/style.css'
[0m[31m[1m>[22m[39m[90m 1 |[39m 
[33m@[39m[36mimport[39m url([32m'/asset
s/css/style.css'[39m)[33m;[39m
 [90m   |[39m  [31m[1m^[22m[39m
 [90m 2 |[39m [33m@[39m[36mimport[39m 
url([32m'/assets/css/responsive.css'[39m)
[33m;[39m
 [90m 3 |[39m
 [90m 4 |[39m [90m/* Next.js overriding 
basic resets so the original CSS still 
applies properly */[39m[0m



Import trace:
  Client Component Browser:
    ./app/globals.css [Client Component 
Browser]
    ./app/layout.tsx [Server Component]

https://nextjs.org/docs/messages/module-not-
found


    at <unknown> (https://nextjs.org/docs/me
ssages/module-not-found)
    at <unknown> (https://nextjs.org/docs/me
ssages/module-not-found)
    at <unknown> (./app/globals.css:2:2)
    at <unknown> (https://nextjs.org/docs/me
ssages/module-not-found)
    at <unknown> (./app/globals.css:1:2)
    at <unknown> (https://nextjs.org/docs/me
ssages/module-not-found)
